---
./moul/ex00.out
---
./moul/ex00.out
---
./moul/ex00.out
---
./moul/ex00.out
---
./moul/ex00.out
---
./moul/ex00.out
---
./moul/ex00.out
---
./moul/ex00.out
---
./moul/ex00.out
---
./moul/ex00.out
---
./moul/ex00.out
---
./moul/ex00.out
---
./moul/ex00.out
---
./moul/ex00.out
---
./moul/ex00.out
---
./moul/ex00.out
---
./moul/ex00.out
