---
banana
apple
cherry
---
apple
apricot
banana
---
Banana
apple
Cherry
---
banana1
banana2
banana10
---
apple!
apple#
apple$
---
apple
pie
apple
banana
---
apple
banana
cherry
---
zebra
yak
apple
---
apple
banana
---
#hashtag
@mention
apple
---
a
c
b
---
apple
apple
apple
---
A1
a2
A2
a1
---
zzzzzz
aaaaaaaaaaaaaaaaaaaa
mmmmmmm
kkkkkkkkkkkkkk
---
123
234
12
1
1000
---
Hello!
#World
@Test
goodbye
---
apple#
apple!
apple$
