---
cherry
apple
banana
---
banana
apricot
apple
---
Cherry
apple
Banana
---
banana10
banana2
banana1
---
apple$
apple#
apple!
---
banana
apple
pie
apple
---
cherry
banana
apple
---
apple
yak
zebra
---
banana
apple
---
apple
@mention
#hashtag
---
b
c
a
---
apple
apple
apple
---
a1
A2
a2
A1
---
kkkkkkkkkkkkkk
mmmmmmm
aaaaaaaaaaaaaaaaaaaa
zzzzzz
---
1000
1
12
234
123
---
goodbye
@Test
#World
Hello!
---
apple$
apple!
apple#
