---
apple
banana
cherry
---
apple
apricot
banana
---
Banana
Cherry
apple
---
banana1
banana10
banana2
---
apple!
apple#
apple$
---
apple
apple
banana
pie
---
apple
banana
cherry
---
apple
yak
zebra
---
apple
banana
---
#hashtag
@mention
apple
---
a
b
c
---
apple
apple
apple
---
A1
A2
a1
a2
---
aaaaaaaaaaaaaaaaaaaa
kkkkkkkkkkkkkk
mmmmmmm
zzzzzz
---
1
1000
12
123
234
---
#World
@Test
Hello!
goodbye
---
apple!
apple#
apple$
