---
NULL
---
NULL
---
NULL
---
NULL
---
---
Hello
5
Hello
---
Hello
5
Hello
42
2
42
---
Hello
5
Hello
42
2
42
Gyeongsan
9
Gyeongsan
---
Hello
5
Hello
42
2
42
Gyeongsan
9
Gyeongsan
So
2
So
---
Hello
5
Hello
42
2
42
Gyeongsan
9
Gyeongsan
So
2
So
Hot
3
Hot
---
Hello
5
Hello
42
2
42
Gyeongsan
9
Gyeongsan
So
2
So
Hot
3
Hot
Place
5
Place
