---
Hello
5
Hello
---
Hello
5
Hello
42
2
42
---
Hello
5
Hello
42
2
42
Gyeongsan
9
Gyeongsan
---
Hello
5
Hello
42
2
42
Gyeongsan
9
Gyeongsan
Fucking
7
Fucking
---
Hello
5
Hello
42
2
42
Gyeongsan
9
Gyeongsan
Fucking
7
Fucking
So
2
So
---
Hello
5
Hello
42
2
42
Gyeongsan
9
Gyeongsan
Fucking
7
Fucking
So
2
So
Hot
3
Hot
